============================= test session starts =============================
platform win32 -- Python 3.13.1, pytest-7.4.3, pluggy-1.5.0 -- C:\Python313\python.exe
cachedir: .pytest_cache
rootdir: C:\Users\jimcr\OneDrive\Documents\Consultancy\Current projects\Grants AI\Development\Janet Contracts Project
configfile: pyproject.toml
testpaths: tests
plugins: anyio-3.7.1, Faker-38.0.0, langsmith-0.3.2, asyncio-0.21.1, mock-3.14.0, mockito-0.0.4
asyncio: mode=Mode.STRICT
collecting ... collected 3 items / 1 error

=================================== ERRORS ====================================
___________ ERROR collecting tests/matching/test_matching_engine.py ___________
ImportError while importing test module 'C:\Users\jimcr\OneDrive\Documents\Consultancy\Current projects\Grants AI\Development\Janet Contracts Project\tests\matching\test_matching_engine.py'.
Hint: make sure your test modules/packages have valid Python names.
Traceback:
C:\Python313\Lib\importlib\__init__.py:88: in import_module
    return _bootstrap._gcd_import(name[level:], package, level)
tests\matching\test_matching_engine.py:19: in <module>
    from app.services.matching.engine import MatchingEngine
app\services\matching\engine.py:4: in <module>
    from app.models import Notice, ServiceProfile, NoticeMatch
E   ImportError: cannot import name 'NoticeMatch' from 'app.models' (C:\Users\jimcr\OneDrive\Documents\Consultancy\Current projects\Grants AI\Development\Janet Contracts Project\app\models.py)
============================== warnings summary ===============================
..\..\..\..\..\..\..\AppData\Roaming\Python\Python313\site-packages\pydantic\_internal\_config.py:295
  C:\Users\jimcr\AppData\Roaming\Python\Python313\site-packages\pydantic\_internal\_config.py:295: PydanticDeprecatedSince20: Support for class-based `config` is deprecated, use ConfigDict instead. Deprecated in Pydantic V2.0 to be removed in V3.0. See Pydantic V2 Migration Guide at https://errors.pydantic.dev/2.10/migration/
    warnings.warn(DEPRECATION_MESSAGE, DeprecationWarning)

app\database.py:17
  C:\Users\jimcr\OneDrive\Documents\Consultancy\Current projects\Grants AI\Development\Janet Contracts Project\app\database.py:17: MovedIn20Warning: The ``declarative_base()`` function is now available as sqlalchemy.orm.declarative_base(). (deprecated since: 2.0) (Background on SQLAlchemy 2.0 at: https://sqlalche.me/e/b8d9)
    Base = declarative_base()

-- Docs: https://docs.pytest.org/en/stable/how-to/capture-warnings.html
=========================== short test summary info ===========================
ERROR tests/matching/test_matching_engine.py
!!!!!!!!!!!!!!!!!!! Interrupted: 1 error during collection !!!!!!!!!!!!!!!!!!!!
======================== 2 warnings, 1 error in 1.36s =========================
